// Jest Snapshot v1, https://goo.gl/fbAQLP

exports[`<ClassGrid /> renders the grid: match snapshot 1`] = `
<section
  aria-label="Class Grid"
  class=""
  role="grid"
>
  <button
    aria-label="Bard"
    aria-pressed="false"
    class=""
    tabindex="0"
  >
    <div>
      <div
        aria-hidden="true"
        class=""
      />
      <div
        aria-hidden="true"
        class=""
      />
      <div
        aria-hidden="true"
        class=""
      />
      <div
        aria-hidden="true"
        class=""
      />
      <img
        alt="Bard"
      />
    </div>
    <span>
      Bard
    </span>
  </button>
  <button
    aria-label="Cleric"
    aria-pressed="false"
    class=""
    tabindex="0"
  >
    <div>
      <div
        aria-hidden="true"
        class=""
      />
      <div
        aria-hidden="true"
        class=""
      />
      <div
        aria-hidden="true"
        class=""
      />
      <div
        aria-hidden="true"
        class=""
      />
      <img
        alt="Cleric"
      />
    </div>
    <span>
      Cleric
    </span>
  </button>
  <button
    aria-label="Druid"
    aria-pressed="false"
    class=""
    tabindex="0"
  >
    <div>
      <div
        aria-hidden="true"
        class=""
      />
      <div
        aria-hidden="true"
        class=""
      />
      <div
        aria-hidden="true"
        class=""
      />
      <div
        aria-hidden="true"
        class=""
      />
      <img
        alt="Druid"
      />
    </div>
    <span>
      Druid
    </span>
  </button>
  <button
    aria-label="Sorcerer"
    aria-pressed="false"
    class=""
    tabindex="0"
  >
    <div>
      <div
        aria-hidden="true"
        class=""
      />
      <div
        aria-hidden="true"
        class=""
      />
      <div
        aria-hidden="true"
        class=""
      />
      <div
        aria-hidden="true"
        class=""
      />
      <img
        alt="Sorcerer"
      />
    </div>
    <span>
      Sorcerer
    </span>
  </button>
  <button
    aria-label="Warlock"
    aria-pressed="false"
    class=""
    tabindex="0"
  >
    <div>
      <div
        aria-hidden="true"
        class=""
      />
      <div
        aria-hidden="true"
        class=""
      />
      <div
        aria-hidden="true"
        class=""
      />
      <div
        aria-hidden="true"
        class=""
      />
      <img
        alt="Warlock"
      />
    </div>
    <span>
      Warlock
    </span>
  </button>
  <button
    aria-label="Wizard"
    aria-pressed="false"
    class=""
    tabindex="0"
  >
    <div>
      <div
        aria-hidden="true"
        class=""
      />
      <div
        aria-hidden="true"
        class=""
      />
      <div
        aria-hidden="true"
        class=""
      />
      <div
        aria-hidden="true"
        class=""
      />
      <img
        alt="Wizard"
      />
    </div>
    <span>
      Wizard
    </span>
  </button>
</section>
`;
